SQL> create table car_type(model_name char(5),price number(7));

Table created.

SQL> insert into car_type values('car1',400000);

1 row created.

SQL> insert into car_type values('car2',500000);

1 row created.

SQL> insert into car_type values('car3',800000);

1 row created.

SQL> select * from car_type;

MODEL      PRICE                                                                
----- ----------                                                                
car1      400000                                                                
car2      500000                                                                
car3      800000                                                                

SQL> create table jeep_type(model_name char(5),price number(7));

Table created.

SQL> insert into jeep_type values('car1',600000);

1 row created.

SQL> insert into jeep_type values('car2',1000000);

1 row created.

SQL> select * from jeep_type;

MODEL      PRICE                                                                
----- ----------                                                                
car1      600000                                                                
car2     1000000                                                                

SQL> select * from jeep_type j,car_type c where j.price>c.price;

MODEL      PRICE MODEL      PRICE                                               
----- ---------- ----- ----------                                               
car1      600000 car1      400000                                               
car1      600000 car2      500000                                               
car2     1000000 car1      400000                                               
car2     1000000 car2      500000                                               
car2     1000000 car3      800000                                               

SQL> create table student_data(name char(10),id number(5),dept char(5));

Table created.

SQL> create table student_dep(id number(5),dept char(5));

Table created.

SQL> insert into student_data values('veeru',1201,'IT');

1 row created.

SQL> insert into student_data values('raju',1202,'CSE');

1 row created.

SQL> insert into student_data values('balu',1203,'ECE');

1 row created.

SQL> insert into student_data values('nag',1204,'EEE');

1 row created.

SQL> select * from student_data;

NAME               ID DEPT                                                      
---------- ---------- -----                                                     
veeru            1201 IT                                                        
raju             1202 CSE                                                       
balu             1203 ECE                                                       
nag              1204 EEE                                                       

SQL> insert into student_dep values(1201,'IT');

1 row created.

SQL> insert into student_dep values(1202,'CSE');

1 row created.

SQL> insert into student_dep values(1203,'ECE');

1 row created.

SQL> insert into student_dep values(1205,'MECH');

1 row created.

SQL> select * from student_dep;

        ID DEPT                                                                 
---------- -----                                                                
      1201 IT                                                                   
      1202 CSE                                                                  
      1203 ECE                                                                  
      1205 MECH                                                                 

SQL> select * from student_data natural join student_dep;

        ID DEPT  NAME                                                           
---------- ----- ----------                                                     
      1201 IT    veeru                                                          
      1202 CSE   raju                                                           
      1203 ECE   balu                                                           

SQL> select * from student_data inner join student_dep on student_data.dept=student_dep.dept;

NAME               ID DEPT          ID DEPT                                     
---------- ---------- ----- ---------- -----                                    
veeru            1201 IT          1201 IT                                       
raju             1202 CSE         1202 CSE                                      
balu             1203 ECE         1203 ECE                                      


SQL> select s.name,s.id,s.dept from student_data s left join student_dep d on s.id=d.id order by s.id;

NAME               ID DEPT                                                      
---------- ---------- -----                                                     
veeru            1201 IT                                                        
raju             1202 CSE                                                       
balu             1203 ECE                                                       
nag              1204 EEE                                                       

SQL> select s.id,s.dept from student_dep d left join student_data s on s.id=d.id order by s.id;

        ID DEPT                                                                 
---------- -----                                                                
      1201 IT                                                                   
      1202 CSE                                                                  
      1203 ECE                                                                  
                                                                                

SQL> select s.id,s.dept from student_dep d left join student_data s on s.id=d.id order by d.id;

        ID DEPT                                                                 
---------- -----                                                                
      1201 IT                                                                   
      1202 CSE                                                                  
      1203 ECE                                                                  
                                                                                

SQL> select s.name,s.id,s.dept from student_data s right join student_dep d on s.id=d.id order by s.id;

NAME               ID DEPT                                                      
---------- ---------- -----                                                     
veeru            1201 IT                                                        
raju             1202 CSE                                                       
balu             1203 ECE                                                       
                                                                                

SQL> select s.name,s.id,s.dept from student_data s full join student_dep d on s.id=d.id order by s.id;

NAME               ID DEPT                                                      
---------- ---------- -----                                                     
veeru            1201 IT                                                        
raju             1202 CSE                                                       
balu             1203 ECE                                                       
nag              1204 EEE                                                       
                                                                                

SQL> select * from student_dep d full join student_data s on s.id=d.id order by s.id;

        ID DEPT  NAME               ID DEPT                                     
---------- ----- ---------- ---------- -----                                    
      1201 IT    veeru            1201 IT                                       
      1202 CSE   raju             1202 CSE                                      
      1203 ECE   balu             1203 ECE                                      
                 nag              1204 EEE                                      
      1205 MECH                                                                 

SQL> spool off;
